Program
  List
    Function ID="a"
      List
        Return
    Function ID="b"
      List
        Return
