Program
  List
    Function ID="a"
      List
        Return
