Program
  List
    Function ID="a"
      List
        IdDecl ID="x"
