Program
  List
    Function ID="a"
      List
      Block
        List
          IdDecl ID="x"
          IdDecl ID="y"
