Program
  List
    Function ID="a"
      null
      List
        If
          LT
            Numeral NUMERAL="2"
            Numeral NUMERAL="4"
          List
            IdUse ID="a"
              Numeral NUMERAL="5"
          List
            IdUse ID="b"
              Numeral NUMERAL="2"
        Return
