Program
  List
    Function
      IdDecl ID="a"
      List
      Block
        List
          Return
            Var ID="a"
