Program
  List
    Function
      IdDecl ID="a"
      List
      Block
        List
          IfElse
            LT
              Numeral NUMERAL="2"
              Numeral NUMERAL="4"
            Block
              List
                Assignment
                  IdUse ID="a"
                  Numeral NUMERAL="5"
            Block
              List
                Assignment
                  IdUse ID="b"
                  Numeral NUMERAL="2"
          Return
            Numeral NUMERAL="0"
