Program
  List
    Function
      IdDecl ID="a"
      List
      Block
        List
          ExpressionStatement
            FuncCall
              IdUse ID="print"
              List
                FuncCall
                  IdUse ID="gcd1"
                  List
                    IdUse ID="a"
                    IdUse ID="b"
          ExpressionStatement
            FuncCall
              IdUse ID="print"
              List
                FuncCall
                  IdUse ID="gcd2"
                  List
                    IdUse ID="a"
                    IdUse ID="b"
          Return
            Numeral NUMERAL="0"
