Program
  List
    Function
      IntType
      IdDecl ID="a"
      List
      Block
        List
          Return
            Numeral NUMERAL="0"
