Error at line 6: The variable 'a' is both a function and a variable.
