Error at line 2: a is not compatible with IDType: int and ExprType: boolean
