Error at line 2: The function b takes 2 number of  arguments, but 1 were given.
