Error at line 3: The return value is of the type: boolean , but was expected to be int
