Program
  List
    Function ID="main"
      List
      Block
        List
          Return
            Numeral NUMERAL="0"
