Program
  List
    Function
      VarDecl ID="a"
      List
      Block
        List
          IdDecl ID="x"
          IdDecl ID="y"
          IdUse ID="x"
            Numeral NUMERAL="5"
          IdUse ID="y"
            Var ID="x"
