Program
  List
    Function
      VarDecl ID="a"
      List
      Block
        List
          IdUse ID="a"
            FuncCall Name="c"
              List
          IdUse ID="b"
            FuncCall Name="d"
              List
          IdUse ID="e"
            FuncCall Name="f"
              List
                Plus
                  Numeral NUMERAL="1"
                  Numeral NUMERAL="1"
          IdUse ID="g"
            FuncCall Name="h"
              List
                FuncCall Name="b"
                  List
          Return
            Numeral NUMERAL="0"
