Program
  List
    Function
      VarDecl ID="a"
      List
      Block
        List
          IdDecl ID="x"
          IdDecl ID="y"
