Program
  List
    Function
      VarDecl ID="a"
      List
      Block
        List
          IdUse ID="a"
            Mul
              Numeral NUMERAL="5"
              Var ID="b"
          IdUse ID="a"
            Mul
              Numeral NUMERAL="5"
              Numeral NUMERAL="5"
