int gcd1(int a, int b){
    while(a != b){
        if(a > b) {
            a = a - b;
        }
        else{
            b = b - a;
        }
    }
    return a;
}

int gcd2(int a, int b){
    if(b == 0) {
        return a;
    }
    return gcd2(b, a % b);
}

int main(){
    int a;
    int b;
    a = read();
    b = read();
    int diff = gcd1(a, b) - gcd2(a, b);
    return 0;
}


