Program
  List
    Function
      IntType
      IdDecl ID="a"
      List
      Block
        List
          Assignment
            IdUse ID="a"
            Mul
              Numeral NUMERAL="5"
              IdUse ID="b"
          Assignment
            IdUse ID="a"
            Mul
              Numeral NUMERAL="5"
              Numeral NUMERAL="5"
